// Jest Snapshot v1, https://goo.gl/fbAQLP

exports[`Component LeadFormCTA Snapshot RenderedTree 1`] = `
<Button
  campaigncta="true"
  campaignid_dealerid="0"
  htmlType="button"
  modelid={0}
  prefixClass="oxygen-btn"
  propertyid={0}
  size="default"
  testdrivechecked="false"
  type="default"
  userlocation=""
  versionid={0}
>
  Get Offers
</Button>
`;
